2024-05-25 15:23:31,696 - INFO - Page successfully downloaded and saved to bollettino-informalavorobs-concorsi.txt
2024-05-25 15:23:32,607 - INFO - Successfully ran /home/headless/Scripts/InfoLavoroBs/getwebpage.py
2024-05-25 15:23:42,663 - INFO - Search completed successfully and saved to bollettino-informalavorobs-risultati.txt
2024-05-25 15:23:42,670 - INFO - Successfully ran /home/headless/Scripts/InfoLavoroBs/searchkeywords.py
2024-05-25 15:23:52,762 - INFO - The file is empty, no email sent
2024-05-25 15:23:52,781 - INFO - Successfully ran /home/headless/Scripts/InfoLavoroBs/send2email.py
2024-05-25 15:24:02,783 - INFO - --------------
2024-06-01 14:49:55,761 - INFO - Page successfully downloaded and saved to bollettino-informalavorobs-concorsi.txt
2024-06-01 14:49:56,811 - INFO - Successfully ran /home/headless/Scripts/InfoLavoroBs/getwebpage.py
2024-06-01 14:50:06,877 - INFO - Search completed successfully and saved to bollettino-informalavorobs-risultati.txt
2024-06-01 14:50:06,885 - INFO - Successfully ran /home/headless/Scripts/InfoLavoroBs/searchkeywords.py
2024-06-01 14:50:16,986 - INFO - The file is empty, no email sent
2024-06-01 14:50:16,999 - INFO - Successfully ran /home/headless/Scripts/InfoLavoroBs/send2email.py
2024-06-01 14:50:27,005 - INFO - --------------
2024-06-01 15:17:07,366 - ERROR - Error running /home/headless/Scripts/InfoLavoroBs/getwebpage.py: Command '['python3', '/home/headless/Scripts/InfoLavoroBs/getwebpage.py']' returned non-zero exit status 1.
2024-06-01 15:17:07,404 - ERROR - Error running /home/headless/Scripts/InfoLavoroBs/searchkeywords.py: Command '['python3', '/home/headless/Scripts/InfoLavoroBs/searchkeywords.py']' returned non-zero exit status 1.
2024-06-01 15:17:07,483 - ERROR - Error running /home/headless/Scripts/InfoLavoroBs/send2email.py: Command '['python3', '/home/headless/Scripts/InfoLavoroBs/send2email.py']' returned non-zero exit status 1.
2024-06-01 15:17:07,483 - INFO - --------------

2024-06-01 15:21:51,052 - INFO - Page successfully downloaded and saved to bollettino-informalavorobs-concorsi.txt
2024-06-01 15:21:52,136 - INFO - Successfully ran /home/headless/Scripts/InfoLavoroBs/getwebpage.py
2024-06-01 15:22:02,201 - INFO - Search completed successfully and saved to bollettino-informalavorobs-risultati.txt
2024-06-01 15:22:02,209 - INFO - Successfully ran /home/headless/Scripts/InfoLavoroBs/searchkeywords.py
2024-06-01 15:22:12,306 - INFO - The file is empty, no email sent
2024-06-01 15:22:12,318 - INFO - Successfully ran /home/headless/Scripts/InfoLavoroBs/send2email.py
2024-06-01 15:22:22,328 - INFO - --------------
2024-06-01 15:30:06,730 - INFO - Page successfully downloaded and saved to bollettino-informalavorobs-concorsi.txt
2024-06-01 15:30:07,626 - INFO - Successfully ran /home/headless/Scripts/InfoLavoroBs/getwebpage.py
2024-06-01 15:30:17,690 - INFO - Search completed successfully and saved to bollettino-informalavorobs-risultati.txt
2024-06-01 15:30:17,695 - INFO - Successfully ran /home/headless/Scripts/InfoLavoroBs/searchkeywords.py
2024-06-01 15:30:27,800 - INFO - The file is empty, no email sent
2024-06-01 15:30:27,811 - INFO - Successfully ran /home/headless/Scripts/InfoLavoroBs/send2email.py
2024-06-01 15:30:37,821 - INFO - --------------
2024-06-08 00:30:12,260 - INFO - Page successfully downloaded and saved to bollettino-informalavorobs-concorsi.txt
2024-06-08 00:30:13,577 - INFO - Successfully ran /home/headless/Scripts/InfoLavoroBs/getwebpage.py
2024-06-08 00:30:23,706 - INFO - Search completed successfully and saved to bollettino-informalavorobs-risultati.txt
2024-06-08 00:30:23,715 - INFO - Successfully ran /home/headless/Scripts/InfoLavoroBs/searchkeywords.py
2024-06-08 00:30:35,847 - INFO - Email sent successfully!
2024-06-08 00:30:35,861 - INFO - Successfully ran /home/headless/Scripts/InfoLavoroBs/send2email.py
2024-06-08 00:30:45,870 - INFO - --------------
2024-06-08 13:28:35,365 - INFO - Page successfully downloaded and saved to bollettino-informalavorobs-concorsi.txt
2024-06-08 13:28:36,299 - INFO - Successfully ran /home/headless/Scripts/InfoLavoroBs/getwebpage.py
2024-06-08 13:28:46,368 - INFO - Search completed successfully and saved to bollettino-informalavorobs-risultati.txt
2024-06-08 13:28:46,375 - INFO - Successfully ran /home/headless/Scripts/InfoLavoroBs/searchkeywords.py
2024-06-08 13:28:56,413 - ERROR - Error running /home/headless/Scripts/InfoLavoroBs/send2email.py: Command '['python3', '/home/headless/Scripts/InfoLavoroBs/send2email.py']' returned non-zero exit status 1.
2024-06-08 13:28:56,414 - INFO - --------------
2024-06-08 13:30:59,183 - INFO - Page successfully downloaded and saved to bollettino-informalavorobs-concorsi.txt
2024-06-08 13:31:00,101 - INFO - Successfully ran /home/headless/Scripts/InfoLavoroBs/getwebpage.py
2024-06-08 13:31:10,172 - INFO - Search completed successfully and saved to bollettino-informalavorobs-risultati.txt
2024-06-08 13:31:10,179 - INFO - Successfully ran /home/headless/Scripts/InfoLavoroBs/searchkeywords.py
2024-06-08 13:31:21,815 - INFO - Email sent successfully!
2024-06-08 13:31:21,844 - INFO - Successfully ran /home/headless/Scripts/InfoLavoroBs/send2email.py
2024-06-08 13:31:31,854 - INFO - --------------
2024-06-08 13:48:10,010 - INFO - Page successfully downloaded and saved to bollettino-informalavorobs-concorsi.txt
2024-06-08 13:48:11,033 - INFO - Successfully ran /home/headless/Scripts/InfoLavoroBs/getwebpage.py
2024-06-08 13:48:21,064 - ERROR - Error running /home/headless/Scripts/InfoLavoroBs/searchkeywords.py: Command '['python3', '/home/headless/Scripts/InfoLavoroBs/searchkeywords.py']' returned non-zero exit status 1.
2024-06-08 13:48:22,604 - INFO - Email sent successfully!
2024-06-08 13:48:22,620 - INFO - Successfully ran /home/headless/Scripts/InfoLavoroBs/send2email.py
2024-06-08 13:49:08,681 - INFO - Page successfully downloaded and saved to bollettino-informalavorobs-concorsi.txt
2024-06-08 13:49:09,591 - INFO - Successfully ran /home/headless/Scripts/InfoLavoroBs/getwebpage.py
2024-06-08 13:49:19,646 - INFO - Search completed successfully and saved to bollettino-informalavorobs-risultati.txt
2024-06-08 13:49:19,655 - INFO - Successfully ran /home/headless/Scripts/InfoLavoroBs/searchkeywords.py
2024-06-08 13:49:31,003 - INFO - Email sent successfully!
2024-06-08 13:49:31,019 - INFO - Successfully ran /home/headless/Scripts/InfoLavoroBs/send2email.py
2024-06-08 13:49:41,026 - INFO - --------------
2024-06-14 20:18:04,846 - ERROR - Error running /home/headless/Scripts/InfoLavoroBs/getwebpage.py: Command '['python3', '/home/headless/Scripts/InfoLavoroBs/getwebpage.py']' returned non-zero exit status 1.
2024-06-14 20:18:04,877 - INFO - Search completed successfully and saved to bollettino-informalavorobs-risultati.txt
2024-06-14 20:18:04,885 - INFO - Successfully ran /home/headless/Scripts/InfoLavoroBs/searchkeywords.py
2024-06-14 20:18:17,128 - INFO - Email sent successfully!
2024-06-14 20:18:17,143 - INFO - Successfully ran /home/headless/Scripts/InfoLavoroBs/send2email.py
2024-06-14 20:18:27,153 - INFO - --------------
2024-06-14 20:19:08,046 - ERROR - Error running /home/headless/Scripts/InfoLavoroBs/getwebpage.py: Command '['python3', '/home/headless/Scripts/InfoLavoroBs/getwebpage.py']' returned non-zero exit status 1.
2024-06-14 20:19:08,078 - INFO - Search completed successfully and saved to bollettino-informalavorobs-risultati.txt
2024-06-14 20:19:08,083 - INFO - Successfully ran /home/headless/Scripts/InfoLavoroBs/searchkeywords.py
2024-06-14 20:19:20,181 - INFO - Email sent successfully!
2024-06-14 20:19:20,214 - INFO - Successfully ran /home/headless/Scripts/InfoLavoroBs/send2email.py
2024-06-14 20:19:30,225 - INFO - --------------
2024-06-14 20:19:57,562 - ERROR - Error running /home/headless/Scripts/InfoLavoroBs/getwebpage.py: Command '['python3', '/home/headless/Scripts/InfoLavoroBs/getwebpage.py']' returned non-zero exit status 1.
2024-06-14 20:19:57,594 - INFO - Search completed successfully and saved to bollettino-informalavorobs-risultati.txt
2024-06-14 20:19:57,601 - INFO - Successfully ran /home/headless/Scripts/InfoLavoroBs/searchkeywords.py
2024-06-14 20:20:09,220 - INFO - Email sent successfully!
2024-06-14 20:20:09,236 - INFO - Successfully ran /home/headless/Scripts/InfoLavoroBs/send2email.py
2024-06-14 20:20:19,247 - INFO - --------------
2024-06-14 20:21:39,643 - ERROR - Error running /home/headless/Scripts/InfoLavoroBs/getwebpage.py: Command '['python3', '/home/headless/Scripts/InfoLavoroBs/getwebpage.py']' returned non-zero exit status 1.
2024-06-14 20:21:39,674 - INFO - Search completed successfully and saved to bollettino-informalavorobs-risultati.txt
2024-06-14 20:21:39,681 - INFO - Successfully ran /home/headless/Scripts/InfoLavoroBs/searchkeywords.py
2024-06-14 20:21:51,488 - INFO - Email sent successfully!
2024-06-14 20:21:51,517 - INFO - Successfully ran /home/headless/Scripts/InfoLavoroBs/send2email.py
2024-06-14 20:22:01,528 - INFO - --------------
2024-06-14 20:22:30,792 - ERROR - Error running /home/headless/Scripts/InfoLavoroBs/getwebpage.py: Command '['python3', '/home/headless/Scripts/InfoLavoroBs/getwebpage.py']' returned non-zero exit status 1.
2024-06-14 20:22:30,825 - INFO - Search completed successfully and saved to bollettino-informalavorobs-risultati.txt
2024-06-14 20:22:30,831 - INFO - Successfully ran /home/headless/Scripts/InfoLavoroBs/searchkeywords.py
2024-06-14 20:22:42,238 - INFO - Email sent successfully!
2024-06-14 20:22:42,253 - INFO - Successfully ran /home/headless/Scripts/InfoLavoroBs/send2email.py
2024-06-14 20:22:52,266 - INFO - --------------
2024-06-14 20:23:08,621 - INFO - Page successfully downloaded and saved to bollettino-informalavorobs-concorsi.txt
2024-06-14 20:23:09,534 - INFO - Successfully ran /home/headless/Scripts/InfoLavoroBs/getwebpage.py
2024-06-14 20:23:19,597 - INFO - Search completed successfully and saved to bollettino-informalavorobs-risultati.txt
2024-06-14 20:23:19,604 - INFO - Successfully ran /home/headless/Scripts/InfoLavoroBs/searchkeywords.py
2024-06-14 20:23:31,039 - INFO - Email sent successfully!
2024-06-14 20:23:31,055 - INFO - Successfully ran /home/headless/Scripts/InfoLavoroBs/send2email.py
2024-06-14 20:23:41,066 - INFO - --------------
2024-06-14 20:25:39,879 - ERROR - Error running /home/headless/Scripts/InfoLavoroBs/getwebpage.py: Command '['python3', '/home/headless/Scripts/InfoLavoroBs/getwebpage.py']' returned non-zero exit status 1.
2024-06-14 20:25:39,913 - INFO - Search completed successfully and saved to bollettino-informalavorobs-risultati.txt
2024-06-14 20:25:39,921 - INFO - Successfully ran /home/headless/Scripts/InfoLavoroBs/searchkeywords.py
2024-06-14 20:25:51,386 - INFO - Email sent successfully!
2024-06-14 20:25:51,404 - INFO - Successfully ran /home/headless/Scripts/InfoLavoroBs/send2email.py
2024-06-14 20:26:01,417 - INFO - --------------
2024-06-14 20:27:02,604 - INFO - Page successfully downloaded and saved to bollettino-informalavorobs-concorsi.txt
2024-06-14 20:27:03,557 - INFO - Successfully ran /home/headless/Scripts/InfoLavoroBs/getwebpage.py
2024-06-14 20:27:13,621 - INFO - Search completed successfully and saved to bollettino-informalavorobs-risultati.txt
2024-06-14 20:27:13,627 - INFO - Successfully ran /home/headless/Scripts/InfoLavoroBs/searchkeywords.py
2024-06-14 20:27:25,109 - INFO - Email sent successfully!
2024-06-14 20:27:25,123 - INFO - Successfully ran /home/headless/Scripts/InfoLavoroBs/send2email.py
2024-06-14 20:27:35,127 - INFO - --------------
2024-06-14 20:27:55,910 - INFO - Page successfully downloaded and saved to bollettino-informalavorobs-concorsi.txt
2024-06-14 20:27:56,806 - INFO - Successfully ran /home/headless/Scripts/InfoLavoroBs/getwebpage.py
2024-06-14 20:28:06,895 - INFO - Search completed successfully and saved to bollettino-informalavorobs-risultati.txt
2024-06-14 20:28:06,909 - INFO - Successfully ran /home/headless/Scripts/InfoLavoroBs/searchkeywords.py
2024-06-14 20:28:19,328 - INFO - Email sent successfully!
2024-06-14 20:28:19,358 - INFO - Successfully ran /home/headless/Scripts/InfoLavoroBs/send2email.py
2024-06-14 20:28:29,371 - INFO - --------------
2024-06-14 20:28:37,829 - INFO - Page successfully downloaded and saved to bollettino-informalavorobs-concorsi.txt
2024-06-14 20:28:38,790 - INFO - Successfully ran /home/headless/Scripts/InfoLavoroBs/getwebpage.py
2024-06-14 20:28:48,855 - INFO - Search completed successfully and saved to bollettino-informalavorobs-risultati.txt
2024-06-14 20:28:48,864 - INFO - Successfully ran /home/headless/Scripts/InfoLavoroBs/searchkeywords.py
2024-06-14 20:29:00,378 - INFO - Email sent successfully!
2024-06-14 20:29:00,412 - INFO - Successfully ran /home/headless/Scripts/InfoLavoroBs/send2email.py
2024-06-14 20:29:11,252 - INFO - Page successfully downloaded and saved to bollettino-informalavorobs-concorsi.txt
2024-06-14 20:29:12,329 - INFO - Successfully ran /home/headless/Scripts/InfoLavoroBs/getwebpage.py
2024-06-14 20:29:22,409 - INFO - Search completed successfully and saved to bollettino-informalavorobs-risultati.txt
2024-06-14 20:29:22,418 - INFO - Successfully ran /home/headless/Scripts/InfoLavoroBs/searchkeywords.py
2024-06-14 20:29:33,820 - INFO - Email sent successfully!
2024-06-14 20:29:33,839 - INFO - Successfully ran /home/headless/Scripts/InfoLavoroBs/send2email.py
2024-06-14 20:29:43,849 - INFO - --------------
2024-06-14 20:32:43,241 - INFO - Page successfully downloaded and saved to bollettino-informalavorobs-concorsi.txt
2024-06-14 20:32:44,203 - INFO - Successfully ran /home/headless/Scripts/InfoLavoroBs/getwebpage.py
2024-06-14 20:32:54,288 - INFO - Search completed successfully and saved to bollettino-informalavorobs-risultati.txt
2024-06-14 20:32:54,298 - INFO - Successfully ran /home/headless/Scripts/InfoLavoroBs/searchkeywords.py
2024-06-14 20:33:05,751 - INFO - Email sent successfully!
2024-06-14 20:33:05,785 - INFO - Successfully ran /home/headless/Scripts/InfoLavoroBs/send2email.py
2024-06-14 20:33:15,798 - INFO - --------------
2024-06-14 20:34:21,323 - INFO - Page successfully downloaded and saved to bollettino-informalavorobs-concorsi.txt
2024-06-14 20:34:22,243 - INFO - Successfully ran /home/headless/Scripts/InfoLavoroBs/getwebpage.py
2024-06-14 20:34:32,326 - INFO - Search completed successfully and saved to bollettino-informalavorobs-risultati.txt
2024-06-14 20:34:32,335 - INFO - Successfully ran /home/headless/Scripts/InfoLavoroBs/searchkeywords.py
2024-06-14 20:34:43,838 - INFO - Email sent successfully!
2024-06-14 20:34:43,854 - INFO - Successfully ran /home/headless/Scripts/InfoLavoroBs/send2email.py
2024-06-14 20:34:53,865 - INFO - --------------
2024-06-14 20:37:04,675 - INFO - Page successfully downloaded and saved to bollettino-informalavorobs-concorsi.txt
2024-06-14 20:37:05,586 - INFO - Successfully ran /home/headless/Scripts/InfoLavoroBs/getwebpage.py
2024-06-14 20:37:10,671 - ERROR - Error running /home/headless/Scripts/InfoLavoroBs/searchkeywords.py: Command '['python3', '/home/headless/Scripts/InfoLavoroBs/searchkeywords.py']' returned non-zero exit status 1.
2024-06-14 20:37:12,072 - INFO - Email sent successfully!
2024-06-14 20:37:12,106 - INFO - Successfully ran /home/headless/Scripts/InfoLavoroBs/send2email.py
2024-06-14 20:37:17,111 - INFO - --------------
2024-06-14 20:37:50,836 - INFO - Page successfully downloaded and saved to bollettino-informalavorobs-concorsi.txt
2024-06-14 20:37:51,751 - INFO - Successfully ran /home/headless/Scripts/InfoLavoroBs/getwebpage.py
2024-06-14 20:37:56,834 - INFO - Search completed successfully and saved to bollettino-informalavorobs-risultati.txt
2024-06-14 20:37:56,843 - INFO - Successfully ran /home/headless/Scripts/InfoLavoroBs/searchkeywords.py
2024-06-14 20:38:03,350 - INFO - Email sent successfully!
2024-06-14 20:38:03,366 - INFO - Successfully ran /home/headless/Scripts/InfoLavoroBs/send2email.py
2024-06-14 20:38:08,371 - INFO - --------------
2024-06-14 20:38:48,282 - INFO - Page successfully downloaded and saved to bollettino-informalavorobs-concorsi.txt
2024-06-14 20:38:49,205 - INFO - Successfully ran /home/headless/Scripts/InfoLavoroBs/getwebpage.py
2024-06-14 20:38:54,262 - INFO - Search completed successfully and saved to bollettino-informalavorobs-risultati.txt
2024-06-14 20:38:54,271 - INFO - Successfully ran /home/headless/Scripts/InfoLavoroBs/searchkeywords.py
2024-06-14 20:39:01,179 - INFO - Email sent successfully!
2024-06-14 20:39:01,213 - INFO - Successfully ran /home/headless/Scripts/InfoLavoroBs/send2email.py
2024-06-14 20:39:06,219 - INFO - --------------
2024-06-14 20:42:07,140 - INFO - Page successfully downloaded and saved to bollettino-informalavorobs-concorsi.txt
2024-06-14 20:42:08,050 - INFO - Successfully ran /home/headless/Scripts/InfoLavoroBs/getwebpage.py
2024-06-14 20:42:13,103 - INFO - Search completed successfully and saved to bollettino-informalavorobs-risultati.txt
2024-06-14 20:42:13,112 - INFO - Successfully ran /home/headless/Scripts/InfoLavoroBs/searchkeywords.py
2024-06-14 20:42:19,014 - ERROR - Failed to send email: (334, b'UGFzc3dvcmQ6')
2024-06-14 20:42:19,052 - INFO - Successfully ran /home/headless/Scripts/InfoLavoroBs/send2email.py
2024-06-14 20:42:24,058 - INFO - --------------
2024-06-14 20:43:16,485 - INFO - Page successfully downloaded and saved to bollettino-informalavorobs-concorsi.txt
2024-06-14 20:43:17,400 - INFO - Successfully ran /home/headless/Scripts/InfoLavoroBs/getwebpage.py
2024-06-14 20:43:20,483 - INFO - Search completed successfully and saved to bollettino-informalavorobs-risultati.txt
2024-06-14 20:43:20,492 - INFO - Successfully ran /home/headless/Scripts/InfoLavoroBs/searchkeywords.py
2024-06-14 20:43:24,068 - ERROR - Failed to send email: (334, b'UGFzc3dvcmQ6')
2024-06-14 20:43:24,099 - INFO - Successfully ran /home/headless/Scripts/InfoLavoroBs/send2email.py
2024-06-14 20:43:27,103 - INFO - --------------
2024-06-14 20:46:53,367 - INFO - Page successfully downloaded and saved to bollettino-informalavorobs-concorsi.txt
2024-06-14 20:46:54,293 - INFO - Successfully ran /home/headless/Scripts/InfoLavoroBs/getwebpage.py
2024-06-14 20:46:57,372 - INFO - Search completed successfully and saved to bollettino-informalavorobs-risultati.txt
2024-06-14 20:46:57,382 - INFO - Successfully ran /home/headless/Scripts/InfoLavoroBs/searchkeywords.py
2024-06-14 20:47:01,048 - ERROR - Failed to send email: (334, b'UGFzc3dvcmQ6')
2024-06-14 20:47:01,076 - INFO - Successfully ran /home/headless/Scripts/InfoLavoroBs/send2email.py
2024-06-14 20:47:04,079 - INFO - --------------
2024-06-14 20:48:36,814 - INFO - Page successfully downloaded and saved to bollettino-informalavorobs-concorsi.txt
2024-06-14 20:48:37,726 - INFO - Successfully ran /home/headless/Scripts/InfoLavoroBs/getwebpage.py
2024-06-14 20:48:40,805 - INFO - Search completed successfully and saved to bollettino-informalavorobs-risultati.txt
2024-06-14 20:48:40,815 - INFO - Successfully ran /home/headless/Scripts/InfoLavoroBs/searchkeywords.py
2024-06-14 20:48:44,468 - ERROR - Failed to send email: (334, b'UGFzc3dvcmQ6')
2024-06-14 20:48:44,502 - INFO - Successfully ran /home/headless/Scripts/InfoLavoroBs/send2email.py
2024-06-14 20:48:47,507 - INFO - --------------
2024-06-14 20:51:45,168 - INFO - Page successfully downloaded and saved to bollettino-informalavorobs-concorsi.txt
2024-06-14 20:51:46,073 - INFO - Successfully ran /home/headless/Scripts/InfoLavoroBs/getwebpage.py
2024-06-14 20:51:49,128 - INFO - Search completed successfully and saved to bollettino-informalavorobs-risultati.txt
2024-06-14 20:51:49,138 - INFO - Successfully ran /home/headless/Scripts/InfoLavoroBs/searchkeywords.py
2024-06-14 20:51:52,758 - ERROR - Failed to send email: (334, b'UGFzc3dvcmQ6')
2024-06-14 20:51:52,774 - INFO - Successfully ran /home/headless/Scripts/InfoLavoroBs/send2email.py
2024-06-14 20:51:55,778 - INFO - --------------
2024-06-14 20:52:47,182 - INFO - Page successfully downloaded and saved to bollettino-informalavorobs-concorsi.txt
2024-06-14 20:52:48,091 - INFO - Successfully ran /home/headless/Scripts/InfoLavoroBs/getwebpage.py
2024-06-14 20:52:51,147 - INFO - Search completed successfully and saved to bollettino-informalavorobs-risultati.txt
2024-06-14 20:52:51,156 - INFO - Successfully ran /home/headless/Scripts/InfoLavoroBs/searchkeywords.py
2024-06-14 20:52:55,650 - INFO - Email sent successfully!
2024-06-14 20:52:55,667 - INFO - Successfully ran /home/headless/Scripts/InfoLavoroBs/send2email.py
2024-06-14 20:52:58,671 - INFO - --------------
2024-06-15 00:30:12,365 - INFO - Page successfully downloaded and saved to bollettino-informalavorobs-concorsi.txt
2024-06-15 00:30:13,367 - INFO - Successfully ran /home/headless/Scripts/InfoLavoroBs/getwebpage.py
2024-06-15 00:30:16,509 - INFO - Search completed successfully and saved to bollettino-informalavorobs-risultati.txt
2024-06-15 00:30:16,520 - INFO - Successfully ran /home/headless/Scripts/InfoLavoroBs/searchkeywords.py
2024-06-15 00:30:21,317 - INFO - Email sent successfully!
2024-06-15 00:30:21,339 - INFO - Successfully ran /home/headless/Scripts/InfoLavoroBs/send2email.py
2024-06-15 00:30:24,342 - INFO - --------------
2024-06-22 00:30:09,453 - INFO - Page successfully downloaded and saved to bollettino-informalavorobs-concorsi.txt
2024-06-22 00:30:10,487 - INFO - Successfully ran /home/headless/Scripts/InfoLavoroBs/getwebpage.py
2024-06-22 00:30:13,608 - INFO - Search completed successfully and saved to bollettino-informalavorobs-risultati.txt
2024-06-22 00:30:13,620 - INFO - Successfully ran /home/headless/Scripts/InfoLavoroBs/searchkeywords.py
2024-06-22 00:30:16,845 - INFO - The file is empty, no email sent
2024-06-22 00:30:16,865 - INFO - Successfully ran /home/headless/Scripts/InfoLavoroBs/send2email.py
2024-06-22 00:30:19,868 - INFO - --------------
2024-06-22 06:41:41,418 - INFO - Page successfully downloaded and saved to bollettino-informalavorobs-concorsi.txt
2024-06-22 06:41:42,360 - INFO - Successfully ran /home/headless/Scripts/InfoLavoroBs/getwebpage.py
2024-06-22 06:41:45,442 - INFO - Search completed successfully and saved to bollettino-informalavorobs-risultati.txt
2024-06-22 06:41:45,451 - INFO - Successfully ran /home/headless/Scripts/InfoLavoroBs/searchkeywords.py
2024-06-22 06:41:50,192 - INFO - Email sent successfully!
2024-06-22 06:41:50,212 - INFO - Successfully ran /home/headless/Scripts/InfoLavoroBs/send2email.py
2024-06-22 06:41:53,215 - INFO - --------------
2024-06-29 00:30:11,681 - INFO - Page successfully downloaded and saved to bollettino-informalavorobs-concorsi.txt
2024-06-29 00:30:13,281 - INFO - Successfully ran /home/headless/Scripts/InfoLavoroBs/getwebpage.py
2024-06-29 00:30:16,477 - INFO - Search completed successfully and saved to bollettino-informalavorobs-risultati.txt
2024-06-29 00:30:16,490 - INFO - Successfully ran /home/headless/Scripts/InfoLavoroBs/searchkeywords.py
2024-06-29 00:30:21,536 - INFO - Email sent successfully!
2024-06-29 00:30:21,575 - INFO - Successfully ran /home/headless/Scripts/InfoLavoroBs/send2email.py
2024-06-29 00:30:24,578 - INFO - --------------
2024-07-06 00:30:11,000 - INFO - Page successfully downloaded and saved to bollettino-informalavorobs-concorsi.txt
2024-07-06 00:30:12,071 - INFO - Successfully ran /home/headless/Scripts/InfoLavoroBs/getwebpage.py
2024-07-06 00:30:15,230 - INFO - Search completed successfully and saved to bollettino-informalavorobs-risultati.txt
2024-07-06 00:30:15,247 - INFO - Successfully ran /home/headless/Scripts/InfoLavoroBs/searchkeywords.py
2024-07-06 00:30:20,360 - INFO - Email sent successfully!
2024-07-06 00:30:20,385 - INFO - Successfully ran /home/headless/Scripts/InfoLavoroBs/send2email.py
2024-07-06 00:30:23,388 - INFO - --------------
2024-07-13 00:30:11,426 - INFO - Page successfully downloaded and saved to bollettino-informalavorobs-concorsi.txt
2024-07-13 00:30:12,979 - INFO - Successfully ran /home/headless/Scripts/InfoLavoroBs/getwebpage.py
2024-07-13 00:30:16,133 - INFO - Search completed successfully and saved to bollettino-informalavorobs-risultati.txt
2024-07-13 00:30:16,143 - INFO - Successfully ran /home/headless/Scripts/InfoLavoroBs/searchkeywords.py
2024-07-13 00:30:21,011 - INFO - Email sent successfully!
2024-07-13 00:30:21,042 - INFO - Successfully ran /home/headless/Scripts/InfoLavoroBs/send2email.py
2024-07-13 00:30:24,045 - INFO - --------------
2024-07-20 00:30:09,271 - INFO - Page successfully downloaded and saved to bollettino-informalavorobs-concorsi.txt
2024-07-20 00:30:10,428 - INFO - Successfully ran /home/headless/Scripts/InfoLavoroBs/getwebpage.py
2024-07-20 00:30:13,612 - INFO - Search completed successfully and saved to bollettino-informalavorobs-risultati.txt
2024-07-20 00:30:13,621 - INFO - Successfully ran /home/headless/Scripts/InfoLavoroBs/searchkeywords.py
2024-07-20 00:30:18,518 - INFO - Email sent successfully!
2024-07-20 00:30:18,548 - INFO - Successfully ran /home/headless/Scripts/InfoLavoroBs/send2email.py
2024-07-20 00:30:21,551 - INFO - --------------
2024-07-27 00:30:09,326 - INFO - Page successfully downloaded and saved to bollettino-informalavorobs-concorsi.txt
2024-07-27 00:30:10,509 - INFO - Successfully ran /home/headless/Scripts/InfoLavoroBs/getwebpage.py
2024-07-27 00:30:13,616 - INFO - Search completed successfully and saved to bollettino-informalavorobs-risultati.txt
2024-07-27 00:30:13,624 - INFO - Successfully ran /home/headless/Scripts/InfoLavoroBs/searchkeywords.py
2024-07-27 00:30:18,586 - INFO - Email sent successfully!
2024-07-27 00:30:18,608 - INFO - Successfully ran /home/headless/Scripts/InfoLavoroBs/send2email.py
2024-07-27 00:30:21,611 - INFO - --------------
2024-08-03 00:30:10,793 - INFO - Page successfully downloaded and saved to bollettino-informalavorobs-concorsi.txt
2024-08-03 00:30:12,184 - INFO - Successfully ran /home/headless/Scripts/InfoLavoroBs/getwebpage.py
2024-08-03 00:30:15,411 - INFO - Search completed successfully and saved to bollettino-informalavorobs-risultati.txt
2024-08-03 00:30:15,446 - INFO - Successfully ran /home/headless/Scripts/InfoLavoroBs/searchkeywords.py
2024-08-03 00:30:20,761 - INFO - Email sent successfully!
2024-08-03 00:30:20,785 - INFO - Successfully ran /home/headless/Scripts/InfoLavoroBs/send2email.py
2024-08-03 00:30:23,788 - INFO - --------------
2024-08-10 00:30:11,291 - INFO - Page successfully downloaded and saved to bollettino-informalavorobs-concorsi.txt
2024-08-10 00:30:12,826 - INFO - Successfully ran /home/headless/Scripts/InfoLavoroBs/getwebpage.py
2024-08-10 00:30:15,996 - INFO - Search completed successfully and saved to bollettino-informalavorobs-risultati.txt
2024-08-10 00:30:16,009 - INFO - Successfully ran /home/headless/Scripts/InfoLavoroBs/searchkeywords.py
2024-08-10 00:30:21,159 - INFO - Email sent successfully!
2024-08-10 00:30:21,193 - INFO - Successfully ran /home/headless/Scripts/InfoLavoroBs/send2email.py
2024-08-10 00:30:24,196 - INFO - --------------
2024-08-17 00:30:11,738 - INFO - Page successfully downloaded and saved to bollettino-informalavorobs-concorsi.txt
2024-08-17 00:30:12,818 - INFO - Successfully ran /home/headless/Scripts/InfoLavoroBs/getwebpage.py
2024-08-17 00:30:15,954 - INFO - Search completed successfully and saved to bollettino-informalavorobs-risultati.txt
2024-08-17 00:30:15,968 - INFO - Successfully ran /home/headless/Scripts/InfoLavoroBs/searchkeywords.py
2024-08-17 00:30:21,162 - INFO - Email sent successfully!
2024-08-17 00:30:21,182 - INFO - Successfully ran /home/headless/Scripts/InfoLavoroBs/send2email.py
2024-08-17 00:30:24,185 - INFO - --------------
2024-08-24 00:30:12,510 - INFO - Page successfully downloaded and saved to bollettino-informalavorobs-concorsi.txt
2024-08-24 00:30:14,708 - INFO - Successfully ran /home/headless/Scripts/InfoLavoroBs/getwebpage.py
2024-08-24 00:30:17,838 - INFO - Search completed successfully and saved to bollettino-informalavorobs-risultati.txt
2024-08-24 00:30:17,849 - INFO - Successfully ran /home/headless/Scripts/InfoLavoroBs/searchkeywords.py
2024-08-24 00:30:22,721 - INFO - Email sent successfully!
2024-08-24 00:30:22,761 - INFO - Successfully ran /home/headless/Scripts/InfoLavoroBs/send2email.py
2024-08-24 00:30:25,763 - INFO - --------------
2024-08-31 00:30:09,128 - INFO - Page successfully downloaded and saved to bollettino-informalavorobs-concorsi.txt
2024-08-31 00:30:10,313 - INFO - Successfully ran /home/headless/Scripts/InfoLavoroBs/getwebpage.py
2024-08-31 00:30:13,432 - INFO - Search completed successfully and saved to bollettino-informalavorobs-risultati.txt
2024-08-31 00:30:13,443 - INFO - Successfully ran /home/headless/Scripts/InfoLavoroBs/searchkeywords.py
2024-08-31 00:30:18,670 - INFO - Email sent successfully!
2024-08-31 00:30:18,711 - INFO - Successfully ran /home/headless/Scripts/InfoLavoroBs/send2email.py
2024-08-31 00:30:21,714 - INFO - --------------
2024-09-07 00:30:10,719 - INFO - Page successfully downloaded and saved to bollettino-informalavorobs-concorsi.txt
2024-09-07 00:30:12,782 - INFO - Successfully ran /home/headless/Scripts/InfoLavoroBs/getwebpage.py
2024-09-07 00:30:15,931 - INFO - Search completed successfully and saved to bollettino-informalavorobs-risultati.txt
2024-09-07 00:30:15,959 - INFO - Successfully ran /home/headless/Scripts/InfoLavoroBs/searchkeywords.py
2024-09-07 00:30:22,535 - INFO - Email sent successfully!
2024-09-07 00:30:22,591 - INFO - Successfully ran /home/headless/Scripts/InfoLavoroBs/send2email.py
2024-09-07 00:30:25,593 - INFO - --------------
2024-09-14 00:30:09,452 - INFO - Page successfully downloaded and saved to bollettino-informalavorobs-concorsi.txt
2024-09-14 00:30:10,610 - INFO - Successfully ran /home/headless/Scripts/InfoLavoroBs/getwebpage.py
2024-09-14 00:30:13,730 - INFO - Search completed successfully and saved to bollettino-informalavorobs-risultati.txt
2024-09-14 00:30:13,744 - INFO - Successfully ran /home/headless/Scripts/InfoLavoroBs/searchkeywords.py
2024-09-14 00:30:18,943 - INFO - Email sent successfully!
2024-09-14 00:30:18,975 - INFO - Successfully ran /home/headless/Scripts/InfoLavoroBs/send2email.py
2024-09-14 00:30:21,978 - INFO - --------------
2024-09-21 00:30:09,550 - INFO - Page successfully downloaded and saved to bollettino-informalavorobs-concorsi.txt
2024-09-21 00:30:10,710 - INFO - Successfully ran /home/headless/Scripts/InfoLavoroBs/getwebpage.py
2024-09-21 00:30:13,782 - INFO - Search completed successfully and saved to bollettino-informalavorobs-risultati.txt
2024-09-21 00:30:13,791 - INFO - Successfully ran /home/headless/Scripts/InfoLavoroBs/searchkeywords.py
2024-09-21 00:30:20,409 - INFO - Email sent successfully!
2024-09-21 00:30:20,452 - INFO - Successfully ran /home/headless/Scripts/InfoLavoroBs/send2email.py
2024-09-21 00:30:23,454 - INFO - --------------
2024-09-28 00:30:11,384 - INFO - Page successfully downloaded and saved to bollettino-informalavorobs-concorsi.txt
2024-09-28 00:30:13,238 - INFO - Successfully ran /home/headless/Scripts/InfoLavoroBs/getwebpage.py
2024-09-28 00:30:16,354 - INFO - Search completed successfully and saved to bollettino-informalavorobs-risultati.txt
2024-09-28 00:30:16,372 - INFO - Successfully ran /home/headless/Scripts/InfoLavoroBs/searchkeywords.py
2024-09-28 00:30:22,708 - INFO - Email sent successfully!
2024-09-28 00:30:22,731 - INFO - Successfully ran /home/headless/Scripts/InfoLavoroBs/send2email.py
2024-09-28 00:30:25,734 - INFO - --------------
2024-10-05 00:30:18,225 - INFO - Page successfully downloaded and saved to bollettino-informalavorobs-concorsi.txt
2024-10-05 00:30:20,277 - INFO - Successfully ran /home/headless/Scripts/InfoLavoroBs/getwebpage.py
2024-10-05 00:30:23,799 - INFO - Search completed successfully and saved to bollettino-informalavorobs-risultati.txt
2024-10-05 00:30:23,817 - INFO - Successfully ran /home/headless/Scripts/InfoLavoroBs/searchkeywords.py
2024-10-05 00:30:29,620 - INFO - Email sent successfully!
2024-10-05 00:30:29,649 - INFO - Successfully ran /home/headless/Scripts/InfoLavoroBs/send2email.py
2024-10-05 00:30:32,655 - INFO - --------------
2024-10-12 00:30:12,578 - INFO - Page successfully downloaded and saved to bollettino-informalavorobs-concorsi.txt
2024-10-12 00:30:13,801 - INFO - Successfully ran /home/headless/Scripts/InfoLavoroBs/getwebpage.py
2024-10-12 00:30:16,913 - INFO - Search completed successfully and saved to bollettino-informalavorobs-risultati.txt
2024-10-12 00:30:16,922 - INFO - Successfully ran /home/headless/Scripts/InfoLavoroBs/searchkeywords.py
2024-10-12 00:30:23,750 - INFO - Email sent successfully!
2024-10-12 00:30:23,785 - INFO - Successfully ran /home/headless/Scripts/InfoLavoroBs/send2email.py
2024-10-12 00:30:26,789 - INFO - --------------
2024-10-19 00:30:10,335 - INFO - Page successfully downloaded and saved to bollettino-informalavorobs-concorsi.txt
2024-10-19 00:30:11,551 - INFO - Successfully ran /home/headless/Scripts/InfoLavoroBs/getwebpage.py
2024-10-19 00:30:14,732 - INFO - Search completed successfully and saved to bollettino-informalavorobs-risultati.txt
2024-10-19 00:30:14,740 - INFO - Successfully ran /home/headless/Scripts/InfoLavoroBs/searchkeywords.py
2024-10-19 00:30:20,540 - INFO - Email sent successfully!
2024-10-19 00:30:20,658 - INFO - Successfully ran /home/headless/Scripts/InfoLavoroBs/send2email.py
2024-10-19 00:30:23,661 - INFO - --------------
2024-10-26 00:30:10,544 - INFO - Page successfully downloaded and saved to bollettino-informalavorobs-concorsi.txt
2024-10-26 00:30:11,783 - INFO - Successfully ran /home/headless/Scripts/InfoLavoroBs/getwebpage.py
2024-10-26 00:30:14,932 - INFO - Search completed successfully and saved to bollettino-informalavorobs-risultati.txt
2024-10-26 00:30:14,940 - INFO - Successfully ran /home/headless/Scripts/InfoLavoroBs/searchkeywords.py
2024-10-26 00:30:20,510 - INFO - Email sent successfully!
2024-10-26 00:30:20,537 - INFO - Successfully ran /home/headless/Scripts/InfoLavoroBs/send2email.py
2024-10-26 00:30:23,540 - INFO - --------------
2024-11-02 00:32:16,102 - INFO - Page successfully downloaded and saved to bollettino-informalavorobs-concorsi.txt
2024-11-02 00:32:16,867 - INFO - Successfully ran /home/headless/Scripts/InfoLavoroBs/getwebpage.py
2024-11-02 00:32:20,209 - INFO - Search completed successfully and saved to bollettino-informalavorobs-risultati.txt
2024-11-02 00:32:20,252 - INFO - Successfully ran /home/headless/Scripts/InfoLavoroBs/searchkeywords.py
2024-11-02 00:32:25,542 - INFO - Email sent successfully!
2024-11-02 00:32:25,598 - INFO - Successfully ran /home/headless/Scripts/InfoLavoroBs/send2email.py
2024-11-02 00:32:28,602 - INFO - --------------
2024-11-09 00:30:08,771 - INFO - Page successfully downloaded and saved to bollettino-informalavorobs-concorsi.txt
2024-11-09 00:30:09,963 - INFO - Successfully ran /home/headless/Scripts/InfoLavoroBs/getwebpage.py
2024-11-09 00:30:13,091 - INFO - Search completed successfully and saved to bollettino-informalavorobs-risultati.txt
2024-11-09 00:30:13,100 - INFO - Successfully ran /home/headless/Scripts/InfoLavoroBs/searchkeywords.py
2024-11-09 00:30:18,087 - INFO - Email sent successfully!
2024-11-09 00:30:18,121 - INFO - Successfully ran /home/headless/Scripts/InfoLavoroBs/send2email.py
2024-11-09 00:30:21,124 - INFO - --------------
2024-11-16 00:30:12,188 - INFO - Page successfully downloaded and saved to bollettino-informalavorobs-concorsi.txt
2024-11-16 00:30:13,843 - INFO - Successfully ran /home/headless/Scripts/InfoLavoroBs/getwebpage.py
2024-11-16 00:30:16,929 - INFO - Search completed successfully and saved to bollettino-informalavorobs-risultati.txt
2024-11-16 00:30:16,941 - INFO - Successfully ran /home/headless/Scripts/InfoLavoroBs/searchkeywords.py
2024-11-16 00:30:23,446 - INFO - Email sent successfully!
2024-11-16 00:30:23,467 - INFO - Successfully ran /home/headless/Scripts/InfoLavoroBs/send2email.py
2024-11-16 00:30:26,471 - INFO - --------------
2024-11-23 00:34:28,280 - INFO - Page successfully downloaded and saved to bollettino-informalavorobs-concorsi.txt
2024-11-23 00:34:28,759 - INFO - Successfully ran /home/headless/Scripts/InfoLavoroBs/getwebpage.py
2024-11-23 00:34:31,939 - INFO - Search completed successfully and saved to bollettino-informalavorobs-risultati.txt
2024-11-23 00:34:31,962 - INFO - Successfully ran /home/headless/Scripts/InfoLavoroBs/searchkeywords.py
2024-11-23 00:34:36,936 - INFO - Email sent successfully!
2024-11-23 00:34:36,970 - INFO - Successfully ran /home/headless/Scripts/InfoLavoroBs/send2email.py
2024-11-23 00:34:39,973 - INFO - --------------
2024-11-30 00:30:09,815 - INFO - Page successfully downloaded and saved to bollettino-informalavorobs-concorsi.txt
2024-11-30 00:30:10,861 - INFO - Successfully ran /home/headless/Scripts/InfoLavoroBs/getwebpage.py
2024-11-30 00:30:13,939 - INFO - Search completed successfully and saved to bollettino-informalavorobs-risultati.txt
2024-11-30 00:30:13,946 - INFO - Successfully ran /home/headless/Scripts/InfoLavoroBs/searchkeywords.py
2024-11-30 00:30:19,030 - INFO - Email sent successfully!
2024-11-30 00:30:19,055 - INFO - Successfully ran /home/headless/Scripts/InfoLavoroBs/send2email.py
2024-11-30 00:30:22,058 - INFO - --------------
2024-12-07 00:30:08,730 - INFO - Page successfully downloaded and saved to bollettino-informalavorobs-concorsi.txt
2024-12-07 00:30:09,693 - INFO - Successfully ran /home/headless/Scripts/InfoLavoroBs/getwebpage.py
2024-12-07 00:30:12,784 - INFO - Search completed successfully and saved to bollettino-informalavorobs-risultati.txt
2024-12-07 00:30:12,801 - INFO - Successfully ran /home/headless/Scripts/InfoLavoroBs/searchkeywords.py
2024-12-07 00:30:17,777 - INFO - Email sent successfully!
2024-12-07 00:30:17,823 - INFO - Successfully ran /home/headless/Scripts/InfoLavoroBs/send2email.py
2024-12-07 00:30:20,826 - INFO - --------------
2024-12-14 00:32:18,310 - INFO - Page successfully downloaded and saved to bollettino-informalavorobs-concorsi.txt
2024-12-14 00:32:19,820 - INFO - Successfully ran /home/headless/Scripts/InfoLavoroBs/getwebpage.py
2024-12-14 00:32:23,195 - INFO - Search completed successfully and saved to bollettino-informalavorobs-risultati.txt
2024-12-14 00:32:23,221 - INFO - Successfully ran /home/headless/Scripts/InfoLavoroBs/searchkeywords.py
2024-12-14 00:32:28,635 - INFO - Email sent successfully!
2024-12-14 00:32:28,675 - INFO - Successfully ran /home/headless/Scripts/InfoLavoroBs/send2email.py
2024-12-14 00:32:31,678 - INFO - --------------
2024-12-21 00:32:16,843 - INFO - Page successfully downloaded and saved to bollettino-informalavorobs-concorsi.txt
2024-12-21 00:32:17,645 - INFO - Successfully ran /home/headless/Scripts/InfoLavoroBs/getwebpage.py
2024-12-21 00:32:20,872 - INFO - Search completed successfully and saved to bollettino-informalavorobs-risultati.txt
2024-12-21 00:32:20,892 - INFO - Successfully ran /home/headless/Scripts/InfoLavoroBs/searchkeywords.py
2024-12-21 00:32:25,633 - INFO - Email sent successfully!
2024-12-21 00:32:25,661 - INFO - Successfully ran /home/headless/Scripts/InfoLavoroBs/send2email.py
2024-12-21 00:32:28,663 - INFO - --------------
2024-12-28 00:30:09,860 - INFO - Page successfully downloaded and saved to bollettino-informalavorobs-concorsi.txt
2024-12-28 00:30:11,155 - INFO - Successfully ran /home/headless/Scripts/InfoLavoroBs/getwebpage.py
2024-12-28 00:30:14,250 - INFO - Search completed successfully and saved to bollettino-informalavorobs-risultati.txt
2024-12-28 00:30:14,259 - INFO - Successfully ran /home/headless/Scripts/InfoLavoroBs/searchkeywords.py
2024-12-28 00:30:20,760 - INFO - Email sent successfully!
2024-12-28 00:30:20,791 - INFO - Successfully ran /home/headless/Scripts/InfoLavoroBs/send2email.py
2024-12-28 00:30:23,794 - INFO - --------------
2025-01-04 00:30:09,378 - INFO - Page successfully downloaded and saved to bollettino-informalavorobs-concorsi.txt
2025-01-04 00:30:10,856 - INFO - Successfully ran /home/headless/Scripts/InfoLavoroBs/getwebpage.py
2025-01-04 00:30:13,989 - INFO - Search completed successfully and saved to bollettino-informalavorobs-risultati.txt
2025-01-04 00:30:13,999 - INFO - Successfully ran /home/headless/Scripts/InfoLavoroBs/searchkeywords.py
2025-01-04 00:30:19,482 - INFO - Email sent successfully!
2025-01-04 00:30:19,516 - INFO - Successfully ran /home/headless/Scripts/InfoLavoroBs/send2email.py
2025-01-04 00:30:22,518 - INFO - --------------
2025-01-11 00:30:10,406 - INFO - Page successfully downloaded and saved to bollettino-informalavorobs-concorsi.txt
2025-01-11 00:30:11,795 - INFO - Successfully ran /home/headless/Scripts/InfoLavoroBs/getwebpage.py
2025-01-11 00:30:14,870 - INFO - Search completed successfully and saved to bollettino-informalavorobs-risultati.txt
2025-01-11 00:30:14,879 - INFO - Successfully ran /home/headless/Scripts/InfoLavoroBs/searchkeywords.py
2025-01-11 00:30:20,997 - INFO - Email sent successfully!
2025-01-11 00:30:21,032 - INFO - Successfully ran /home/headless/Scripts/InfoLavoroBs/send2email.py
2025-01-11 00:30:24,034 - INFO - --------------
2025-01-18 00:30:11,151 - INFO - Page successfully downloaded and saved to bollettino-informalavorobs-concorsi.txt
2025-01-18 00:30:12,613 - INFO - Successfully ran /home/headless/Scripts/InfoLavoroBs/getwebpage.py
2025-01-18 00:30:15,741 - INFO - Search completed successfully and saved to bollettino-informalavorobs-risultati.txt
2025-01-18 00:30:15,760 - INFO - Successfully ran /home/headless/Scripts/InfoLavoroBs/searchkeywords.py
2025-01-18 00:30:21,353 - INFO - Email sent successfully!
2025-01-18 00:30:21,382 - INFO - Successfully ran /home/headless/Scripts/InfoLavoroBs/send2email.py
2025-01-18 00:30:24,386 - INFO - --------------
2025-01-25 00:30:08,788 - INFO - Page successfully downloaded and saved to bollettino-informalavorobs-concorsi.txt
2025-01-25 00:30:10,103 - INFO - Successfully ran /home/headless/Scripts/InfoLavoroBs/getwebpage.py
2025-01-25 00:30:13,184 - INFO - Search completed successfully and saved to bollettino-informalavorobs-risultati.txt
2025-01-25 00:30:13,194 - INFO - Successfully ran /home/headless/Scripts/InfoLavoroBs/searchkeywords.py
2025-01-25 00:30:18,063 - INFO - Email sent successfully!
2025-01-25 00:30:18,093 - INFO - Successfully ran /home/headless/Scripts/InfoLavoroBs/send2email.py
2025-01-25 00:30:21,097 - INFO - --------------
2025-02-01 00:30:13,110 - WARNING - Problem reading geckodriver versions: error sending request for url (https://raw.githubusercontent.com/SeleniumHQ/selenium/trunk/common/geckodriver/geckodriver-support.json). Using latest geckodriver version
2025-02-01 00:30:13,112 - WARNING - There was an error managing geckodriver (error sending request for url (https://github.com/mozilla/geckodriver/releases/latest)); using driver found in the cache
2025-02-01 00:30:13,112 - WARNING - Error sending stats to Plausible: error sending request for url (https://plausible.io/api/event)
2025-02-01 00:30:45,752 - ERROR - An error occurred: Message: Reached error page: about:neterror?e=dnsNotFound&u=https%3A//informalavoro.comune.brescia.it/&c=UTF-8&d=We%20can%E2%80%99t%20connect%20to%20the%20server%20at%20informalavoro.comune.brescia.it.
Stacktrace:
RemoteError@chrome://remote/content/shared/RemoteError.sys.mjs:8:8
WebDriverError@chrome://remote/content/shared/webdriver/Errors.sys.mjs:193:5
UnknownError@chrome://remote/content/shared/webdriver/Errors.sys.mjs:832:5
checkReadyState@chrome://remote/content/marionette/navigate.sys.mjs:58:24
onNavigation@chrome://remote/content/marionette/navigate.sys.mjs:344:39
emit@resource://gre/modules/EventEmitter.sys.mjs:148:20
receiveMessage@chrome://remote/content/marionette/actors/MarionetteEventsParent.sys.mjs:33:25

2025-02-01 00:30:49,117 - INFO - Successfully ran /home/headless/Scripts/InfoLavoroBs/getwebpage.py
2025-02-01 00:30:52,256 - INFO - Search completed successfully and saved to bollettino-informalavorobs-risultati.txt
2025-02-01 00:30:52,279 - INFO - Successfully ran /home/headless/Scripts/InfoLavoroBs/searchkeywords.py
2025-02-01 00:31:26,589 - ERROR - Failed to send email: [Errno -3] Temporary failure in name resolution
2025-02-01 00:31:26,607 - INFO - Successfully ran /home/headless/Scripts/InfoLavoroBs/send2email.py
2025-02-01 00:31:29,610 - INFO - --------------
2025-02-08 00:30:10,589 - INFO - Page successfully downloaded and saved to bollettino-informalavorobs-concorsi.txt
2025-02-08 00:30:12,133 - INFO - Successfully ran /home/headless/Scripts/InfoLavoroBs/getwebpage.py
2025-02-08 00:30:15,251 - INFO - Search completed successfully and saved to bollettino-informalavorobs-risultati.txt
2025-02-08 00:30:15,262 - INFO - Successfully ran /home/headless/Scripts/InfoLavoroBs/searchkeywords.py
2025-02-08 00:30:22,144 - INFO - Email sent successfully!
2025-02-08 00:30:22,172 - INFO - Successfully ran /home/headless/Scripts/InfoLavoroBs/send2email.py
2025-02-08 00:30:25,175 - INFO - --------------
2025-02-15 00:30:09,225 - INFO - Page successfully downloaded and saved to bollettino-informalavorobs-concorsi.txt
2025-02-15 00:30:10,457 - INFO - Successfully ran /home/headless/Scripts/InfoLavoroBs/getwebpage.py
2025-02-15 00:30:13,642 - INFO - Search completed successfully and saved to bollettino-informalavorobs-risultati.txt
2025-02-15 00:30:13,652 - INFO - Successfully ran /home/headless/Scripts/InfoLavoroBs/searchkeywords.py
2025-02-15 00:30:19,178 - INFO - Email sent successfully!
2025-02-15 00:30:19,219 - INFO - Successfully ran /home/headless/Scripts/InfoLavoroBs/send2email.py
2025-02-15 00:30:22,222 - INFO - --------------
2025-02-22 00:30:08,866 - INFO - Page successfully downloaded and saved to bollettino-informalavorobs-concorsi.txt
2025-02-22 00:30:09,910 - INFO - Successfully ran /home/headless/Scripts/InfoLavoroBs/getwebpage.py
2025-02-22 00:30:12,999 - INFO - Search completed successfully and saved to bollettino-informalavorobs-risultati.txt
2025-02-22 00:30:13,014 - INFO - Successfully ran /home/headless/Scripts/InfoLavoroBs/searchkeywords.py
2025-02-22 00:30:19,654 - INFO - Email sent successfully!
2025-02-22 00:30:19,674 - INFO - Successfully ran /home/headless/Scripts/InfoLavoroBs/send2email.py
2025-02-22 00:30:22,677 - INFO - --------------
2025-03-01 00:30:19,889 - INFO - Page successfully downloaded and saved to bollettino-informalavorobs-concorsi.txt
2025-03-01 00:30:21,967 - INFO - Successfully ran /home/headless/Scripts/InfoLavoroBs/getwebpage.py
2025-03-01 00:30:25,091 - INFO - Search completed successfully and saved to bollettino-informalavorobs-risultati.txt
2025-03-01 00:30:25,115 - INFO - Successfully ran /home/headless/Scripts/InfoLavoroBs/searchkeywords.py
2025-03-01 00:30:29,968 - INFO - Email sent successfully!
2025-03-01 00:30:29,995 - INFO - Successfully ran /home/headless/Scripts/InfoLavoroBs/send2email.py
2025-03-01 00:30:32,998 - INFO - --------------
2025-03-08 00:30:11,851 - INFO - Page successfully downloaded and saved to bollettino-informalavorobs-concorsi.txt
2025-03-08 00:30:13,406 - INFO - Successfully ran /home/headless/Scripts/InfoLavoroBs/getwebpage.py
2025-03-08 00:30:16,484 - INFO - Search completed successfully and saved to bollettino-informalavorobs-risultati.txt
2025-03-08 00:30:16,500 - INFO - Successfully ran /home/headless/Scripts/InfoLavoroBs/searchkeywords.py
2025-03-08 00:30:22,705 - INFO - Email sent successfully!
2025-03-08 00:30:22,720 - INFO - Successfully ran /home/headless/Scripts/InfoLavoroBs/send2email.py
2025-03-08 00:30:25,723 - INFO - --------------
2025-03-15 00:30:10,771 - INFO - Page successfully downloaded and saved to bollettino-informalavorobs-concorsi.txt
2025-03-15 00:30:11,917 - INFO - Successfully ran /home/headless/Scripts/InfoLavoroBs/getwebpage.py
2025-03-15 00:30:15,007 - INFO - Search completed successfully and saved to bollettino-informalavorobs-risultati.txt
2025-03-15 00:30:15,022 - INFO - Successfully ran /home/headless/Scripts/InfoLavoroBs/searchkeywords.py
2025-03-15 00:30:21,583 - INFO - Email sent successfully!
2025-03-15 00:30:21,598 - INFO - Successfully ran /home/headless/Scripts/InfoLavoroBs/send2email.py
2025-03-15 00:30:24,603 - INFO - --------------
2025-03-22 00:30:10,662 - INFO - Page successfully downloaded and saved to bollettino-informalavorobs-concorsi.txt
2025-03-22 00:30:12,117 - INFO - Successfully ran /home/headless/Scripts/InfoLavoroBs/getwebpage.py
2025-03-22 00:30:15,237 - INFO - Search completed successfully and saved to bollettino-informalavorobs-risultati.txt
2025-03-22 00:30:15,253 - INFO - Successfully ran /home/headless/Scripts/InfoLavoroBs/searchkeywords.py
2025-03-22 00:30:20,244 - INFO - Email sent successfully!
2025-03-22 00:30:20,275 - INFO - Successfully ran /home/headless/Scripts/InfoLavoroBs/send2email.py
2025-03-22 00:30:23,278 - INFO - --------------
2025-03-29 00:30:09,943 - INFO - Page successfully downloaded and saved to bollettino-informalavorobs-concorsi.txt
2025-03-29 00:30:11,409 - INFO - Successfully ran /home/headless/Scripts/InfoLavoroBs/getwebpage.py
2025-03-29 00:30:14,498 - INFO - Search completed successfully and saved to bollettino-informalavorobs-risultati.txt
2025-03-29 00:30:14,548 - INFO - Successfully ran /home/headless/Scripts/InfoLavoroBs/searchkeywords.py
2025-03-29 00:30:19,641 - INFO - Email sent successfully!
2025-03-29 00:30:19,657 - INFO - Successfully ran /home/headless/Scripts/InfoLavoroBs/send2email.py
2025-03-29 00:30:22,660 - INFO - --------------
2025-04-05 00:30:11,505 - INFO - Page successfully downloaded and saved to bollettino-informalavorobs-concorsi.txt
2025-04-05 00:30:13,408 - INFO - Successfully ran /home/headless/Scripts/InfoLavoroBs/getwebpage.py
2025-04-05 00:30:16,503 - INFO - Search completed successfully and saved to bollettino-informalavorobs-risultati.txt
2025-04-05 00:30:16,516 - INFO - Successfully ran /home/headless/Scripts/InfoLavoroBs/searchkeywords.py
2025-04-05 00:30:21,341 - INFO - Email sent successfully!
2025-04-05 00:30:21,363 - INFO - Successfully ran /home/headless/Scripts/InfoLavoroBs/send2email.py
2025-04-05 00:30:24,366 - INFO - --------------
2025-04-12 00:30:08,433 - INFO - Page successfully downloaded and saved to bollettino-informalavorobs-concorsi.txt
2025-04-12 00:30:10,046 - INFO - Successfully ran /home/headless/Scripts/InfoLavoroBs/getwebpage.py
2025-04-12 00:30:13,176 - INFO - Search completed successfully and saved to bollettino-informalavorobs-risultati.txt
2025-04-12 00:30:13,191 - INFO - Successfully ran /home/headless/Scripts/InfoLavoroBs/searchkeywords.py
2025-04-12 00:30:22,524 - INFO - Email sent successfully!
2025-04-12 00:30:22,555 - INFO - Successfully ran /home/headless/Scripts/InfoLavoroBs/send2email.py
2025-04-12 00:30:25,558 - INFO - --------------
2025-04-19 00:30:09,312 - INFO - Page successfully downloaded and saved to bollettino-informalavorobs-concorsi.txt
2025-04-19 00:30:10,293 - INFO - Successfully ran /home/headless/Scripts/InfoLavoroBs/getwebpage.py
2025-04-19 00:30:13,369 - INFO - Search completed successfully and saved to bollettino-informalavorobs-risultati.txt
2025-04-19 00:30:13,382 - INFO - Successfully ran /home/headless/Scripts/InfoLavoroBs/searchkeywords.py
2025-04-19 00:30:18,945 - INFO - Email sent successfully!
2025-04-19 00:30:18,967 - INFO - Successfully ran /home/headless/Scripts/InfoLavoroBs/send2email.py
2025-04-19 00:30:21,972 - INFO - --------------
2025-04-26 00:30:10,978 - INFO - Page successfully downloaded and saved to bollettino-informalavorobs-concorsi.txt
2025-04-26 00:30:13,057 - INFO - Successfully ran /home/headless/Scripts/InfoLavoroBs/getwebpage.py
2025-04-26 00:30:16,162 - INFO - Search completed successfully and saved to bollettino-informalavorobs-risultati.txt
2025-04-26 00:30:16,181 - INFO - Successfully ran /home/headless/Scripts/InfoLavoroBs/searchkeywords.py
2025-04-26 00:30:21,668 - INFO - Email sent successfully!
2025-04-26 00:30:21,689 - INFO - Successfully ran /home/headless/Scripts/InfoLavoroBs/send2email.py
2025-04-26 00:30:24,692 - INFO - --------------
